<html>
<body>
<pre>
<h1>µVision Build Log</h1>
<h2>Tool Versions:</h2>
IDE-Version: µVision V5.24.2.0
Copyright (C) 2017 ARM Ltd and ARM Germany GmbH. All rights reserved.
License Information: vdfv dvdv, fvfv, LIC=----
 
Tool Versions:
Toolchain:       MDK-Lite  Version: 5.24.1
Toolchain Path:  C:\Keil_v5\ARM\ARMCC\Bin
C Compiler:      Armcc.exe V5.06 update 5 (build 528)
Assembler:       Armasm.exe V5.06 update 5 (build 528)
Linker/Locator:  ArmLink.exe V5.06 update 5 (build 528)
Library Manager: ArmAr.exe V5.06 update 5 (build 528)
Hex Converter:   FromElf.exe V5.06 update 5 (build 528)
CPU DLL:         SARMCM3.DLL V5.24.1
Dialog DLL:      DCM.DLL V1.16.0.0
Target DLL:      UL2CM3.DLL V1.160.3.0
Dialog DLL:      TCM.DLL V1.32.0.0
 
<h2>Project:</h2>
C:\Users\YkUk\Documents\keil projects\lcd_lab3.uvprojx
Project File Date:  11/07/2023

<h2>Output:</h2>
*** Using Compiler 'V5.06 update 5 (build 528)', folder: 'C:\Keil_v5\ARM\ARMCC\Bin'
Build target 'Target 1'
compiling main.c...
main.c(61): warning:  #188-D: enumerated type mixed with another type
      PORT_WriteBit(
ORT_DB0, 
IN_DB0, (data & 0x01));
main.c(62): warning:  #188-D: enumerated type mixed with another type
      PORT_WriteBit(
ORT_DB1, 
IN_DB1, (data & 0x02) >> 1);
main.c(63): warning:  #188-D: enumerated type mixed with another type
      PORT_WriteBit(
ORT_DB2, 
IN_DB2, (data & 0x04) >> 2);
main.c(64): warning:  #188-D: enumerated type mixed with another type
      PORT_WriteBit(
ORT_DB3, 
IN_DB3, (data & 0x08) >> 3);
main.c(70): warning:  #188-D: enumerated type mixed with another type
      PORT_WriteBit(
ORT_WR2, 
IN_WR2, 1);
main.c(73): warning:  #188-D: enumerated type mixed with another type
  		PORT_WriteBit(
ORT_A0, 
IN_A0, 0);
main.c(75): warning:  #188-D: enumerated type mixed with another type
      PORT_WriteBit(
ORT_WR1, 
IN_WR1, 1);
main.c(77): warning:  #188-D: enumerated type mixed with another type
  		PORT_WriteBit(
ORT_WR1, 
IN_WR1, 0);
main.c(79): warning:  #188-D: enumerated type mixed with another type
  		PORT_WriteBit(
ORT_A0, 
IN_A0, 1);
main.c(84): warning:  #188-D: enumerated type mixed with another type
      PORT_WriteBit(
ORT_WR1, 
IN_WR1, 1);
main.c(86): warning:  #188-D: enumerated type mixed with another type
  		PORT_WriteBit(
ORT_WR1, 
IN_WR1, 0);
main.c(91): warning:  #188-D: enumerated type mixed with another type
      PORT_WriteBit(
ORT_WR1, 
IN_WR1, 1);
main.c(93): warning:  #188-D: enumerated type mixed with another type
  		PORT_WriteBit(
ORT_WR1, 
IN_WR1, 0);
main.c(96): warning:  #188-D: enumerated type mixed with another type
      PORT_WriteBit(
ORT_WR2, 
IN_WR2, 0);
main.c: 14 warnings, 0 errors
linking...
Program Size: Code=1580 RO-data=224 RW-data=4 ZI-data=1636  
".\Objects\lcd_lab3.axf" - 0 Error(s), 14 Warning(s).

<h2>Software Packages used:</h2>

Package Vendor: ARM
                http://www.keil.com/pack/ARM.CMSIS.5.0.1.pack
                ARM.CMSIS.5.0.1
                CMSIS (Cortex Microcontroller Software Interface Standard)
   * Component: CORE Version: 5.0.1

Package Vendor: Keil
                http://www.keil.com/pack/Keil.MDR1986BExx.1.5.3.pack
                Keil.MDR1986BExx.1.5.3
                Milandr MDR1986BExx Series Device Support, Drivers and Examples
   * Component: RST_CLK Version: 1.5
   * Component: PORT Version: 1.5
   * Component: Startup Version: 1.5

<h2>Collection of Component include folders:</h2>
  .\RTE\Device\MDR1986BE92
  .\RTE\_Target_1
  C:\Keil_v5\ARM\PACK\ARM\CMSIS\5.0.1\CMSIS\Include
  C:\Keil_v5\ARM\PACK\Keil\MDR1986BExx\1.5.3\Libraries\CMSIS\CM3\CoreSupport
  C:\Keil_v5\ARM\PACK\Keil\MDR1986BExx\1.5.3\Libraries\CMSIS\CM3\DeviceSupport\MDR32F9Qx\inc
  C:\Keil_v5\ARM\PACK\Keil\MDR1986BExx\1.5.3\Libraries\MDR32F9Qx_StdPeriph_Driver\inc

<h2>Collection of Component Files used:</h2>

   * Component: Keil::Drivers:RST_CLK:1.5
      Include file:  Libraries\MDR32F9Qx_StdPeriph_Driver\inc\MDR32F9Qx_rst_clk.h
      Source file:   Libraries\MDR32F9Qx_StdPeriph_Driver\src\MDR32F9Qx_rst_clk.c

   * Component: Keil::Drivers:PORT:1.5
      Include file:  Libraries\MDR32F9Qx_StdPeriph_Driver\inc\MDR32F9Qx_port.h
      Source file:   Libraries\MDR32F9Qx_StdPeriph_Driver\src\MDR32F9Qx_port.c

   * Component: Keil::Device:Startup:1.5
      Source file:   Libraries\CMSIS\CM3\DeviceSupport\MDR32F9Qx\startup\arm\startup_MDR32F9Qx.s
      Source file:   Libraries\CMSIS\CM3\DeviceSupport\MDR32F9Qx\startup\arm\system_MDR32F9Qx.c
      Include file:  Libraries\CMSIS\CM3\DeviceSupport\MDR32F9Qx\startup\arm\system_MDR32F9Qx.h
      Include file:  Config\MDR32F9Qx_config.h
      Include file:  Libraries\CMSIS\CM3\CoreSupport\core_cm3.h

   * Component: ARM::CMSIS:CORE:5.0.1
Build Time Elapsed:  00:00:01
</pre>
</body>
</html>
